EN io_we_controler NULL /home/ise/shared_dir/CPU/vhd/periferie/IO_WE_Controler.vhd sub00/vhpl02 1772720463
AR io_controler rtl /home/ise/shared_dir/CPU/vhd/periferie/IO_controler.vhd sub00/vhpl22 1772720486
EN ram2048x32 NULL /home/ise/shared_dir/CPU/vhd/RAM2048x36.vhd sub00/vhpl16 1772720481
AR synchronizer rtl /home/ise/shared_dir/CPU/vhd/synchronizer.vhd sub00/vhpl01 1772720462
AR registr32x4 rtl /home/ise/shared_dir/CPU/vhd/registr32x4.vhd sub00/vhpl11 1772720476
EN imm_decode NULL /home/ise/shared_dir/CPU/vhd/Imm_decode.vhd sub00/vhpl12 1772720477
EN cpu NULL /home/ise/shared_dir/CPU/vhd/CPU.vhd sub00/vhpl23 1772720487
EN registr32x4 NULL /home/ise/shared_dir/CPU/vhd/registr32x4.vhd sub00/vhpl10 1772720475
AR pc rtl /home/ise/shared_dir/CPU/vhd/PC.vhd sub00/vhpl07 1772720472
EN pc NULL /home/ise/shared_dir/CPU/vhd/PC.vhd sub00/vhpl06 1772720471
EN io_controler NULL /home/ise/shared_dir/CPU/vhd/periferie/IO_controler.vhd sub00/vhpl21 1772720485
EN tb_cpu NULL /home/ise/shared_dir/CPU/tb/tb_CPU.vhd sub00/vhpl25 1771016240
AR control_unit rtl /home/ise/shared_dir/CPU/vhd/Control_unit.vhd sub00/vhpl09 1772720474
EN instrmem NULL /home/ise/shared_dir/CPU/old/InstrMem.vhd sub00/vhpl18 1767729838
EN gpio NULL /home/ise/shared_dir/CPU/vhd/periferie/GPIO.vhd sub00/vhpl04 1772720465
AR ram2048x32 rtl /home/ise/shared_dir/CPU/vhd/RAM2048x36.vhd sub00/vhpl17 1772720482
EN bootloader NULL /home/ise/shared_dir/CPU/vhd/bootloader.vhd sub00/vhpl28 1772720483
AR uart rtl /home/ise/shared_dir/CPU/vhd/periferie/UART.vhd sub00/vhpl27 1772720468
AR imm_decode rtl /home/ise/shared_dir/CPU/vhd/Imm_decode.vhd sub00/vhpl13 1772720478
AR cpu rtl /home/ise/shared_dir/CPU/vhd/CPU.vhd sub00/vhpl24 1772720488
EN synchronizer NULL /home/ise/shared_dir/CPU/vhd/synchronizer.vhd sub00/vhpl00 1772720461
EN spi_flash NULL /home/ise/shared_dir/CPU/vhd/periferie/SPI_flash.vhd sub00/vhpl19 1772720469
EN control_unit NULL /home/ise/shared_dir/CPU/vhd/Control_unit.vhd sub00/vhpl08 1772720473
AR bootloader rtl /home/ise/shared_dir/CPU/vhd/bootloader.vhd sub00/vhpl29 1772720484
AR alu rtl /home/ise/shared_dir/CPU/vhd/ALU.vhd sub00/vhpl15 1772720480
EN uart NULL /home/ise/shared_dir/CPU/vhd/periferie/UART.vhd sub00/vhpl26 1772720467
AR gpio rtl /home/ise/shared_dir/CPU/vhd/periferie/GPIO.vhd sub00/vhpl05 1772720466
EN alu NULL /home/ise/shared_dir/CPU/vhd/ALU.vhd sub00/vhpl14 1772720479
AR spi_flash rtl /home/ise/shared_dir/CPU/vhd/periferie/SPI_flash.vhd sub00/vhpl20 1772720470
AR io_we_controler rtl /home/ise/shared_dir/CPU/vhd/periferie/IO_WE_Controler.vhd sub00/vhpl03 1772720464
