EN io_we_controler NULL /home/ise/shared_dir/CPU/vhd/periferie/IO_WE_Controler.vhd sub00/vhpl02 1773580999
AR io_controler rtl /home/ise/shared_dir/CPU/vhd/periferie/IO_controler.vhd sub00/vhpl22 1773581022
EN ram2048x32 NULL /home/ise/shared_dir/CPU/vhd/RAM2048x36.vhd sub00/vhpl16 1773581017
AR synchronizer rtl /home/ise/shared_dir/CPU/vhd/synchronizer.vhd sub00/vhpl01 1773580998
AR registr32x4 rtl /home/ise/shared_dir/CPU/vhd/registr32x4.vhd sub00/vhpl11 1773581012
EN imm_decode NULL /home/ise/shared_dir/CPU/vhd/Imm_decode.vhd sub00/vhpl12 1773581013
EN cpu NULL /home/ise/shared_dir/CPU/vhd/CPU.vhd sub00/vhpl23 1773581023
EN registr32x4 NULL /home/ise/shared_dir/CPU/vhd/registr32x4.vhd sub00/vhpl10 1773581011
AR pc rtl /home/ise/shared_dir/CPU/vhd/PC.vhd sub00/vhpl07 1773581008
EN pc NULL /home/ise/shared_dir/CPU/vhd/PC.vhd sub00/vhpl06 1773581007
EN io_controler NULL /home/ise/shared_dir/CPU/vhd/periferie/IO_controler.vhd sub00/vhpl21 1773581021
EN tb_cpu NULL /home/ise/shared_dir/CPU/tb/tb_CPU.vhd sub00/vhpl25 1771016240
AR control_unit rtl /home/ise/shared_dir/CPU/vhd/Control_unit.vhd sub00/vhpl09 1773581010
EN instrmem NULL /home/ise/shared_dir/CPU/old/InstrMem.vhd sub00/vhpl18 1767729838
EN gpio NULL /home/ise/shared_dir/CPU/vhd/periferie/GPIO.vhd sub00/vhpl04 1773581001
AR ram2048x32 rtl /home/ise/shared_dir/CPU/vhd/RAM2048x36.vhd sub00/vhpl17 1773581018
EN bootloader NULL /home/ise/shared_dir/CPU/vhd/bootloader.vhd sub00/vhpl28 1773581019
AR uart rtl /home/ise/shared_dir/CPU/vhd/periferie/UART.vhd sub00/vhpl27 1773581004
AR imm_decode rtl /home/ise/shared_dir/CPU/vhd/Imm_decode.vhd sub00/vhpl13 1773581014
AR cpu rtl /home/ise/shared_dir/CPU/vhd/CPU.vhd sub00/vhpl24 1773581024
EN synchronizer NULL /home/ise/shared_dir/CPU/vhd/synchronizer.vhd sub00/vhpl00 1773580997
EN spi_flash NULL /home/ise/shared_dir/CPU/vhd/periferie/SPI_flash.vhd sub00/vhpl19 1773581005
EN control_unit NULL /home/ise/shared_dir/CPU/vhd/Control_unit.vhd sub00/vhpl08 1773581009
AR bootloader rtl /home/ise/shared_dir/CPU/vhd/bootloader.vhd sub00/vhpl29 1773581020
AR alu rtl /home/ise/shared_dir/CPU/vhd/ALU.vhd sub00/vhpl15 1773581016
EN uart NULL /home/ise/shared_dir/CPU/vhd/periferie/UART.vhd sub00/vhpl26 1773581003
AR gpio rtl /home/ise/shared_dir/CPU/vhd/periferie/GPIO.vhd sub00/vhpl05 1773581002
EN alu NULL /home/ise/shared_dir/CPU/vhd/ALU.vhd sub00/vhpl14 1773581015
AR spi_flash rtl /home/ise/shared_dir/CPU/vhd/periferie/SPI_flash.vhd sub00/vhpl20 1773581006
AR io_we_controler rtl /home/ise/shared_dir/CPU/vhd/periferie/IO_WE_Controler.vhd sub00/vhpl03 1773581000
