EN io_we_controler NULL /home/ise/shared_dir/CPU/periferie/IO_WE_Controler.vhd sub00/vhpl02 1767729822
EN ram2048x32 NULL /home/ise/shared_dir/CPU/RAM2048x36.vhd sub00/vhpl16 1767729836
AR synchronizer rtl /home/ise/shared_dir/CPU/synchronizer.vhd sub00/vhpl01 1767729821
AR registr32x4 rtl /home/ise/shared_dir/CPU/registr32x4.vhd sub00/vhpl11 1767729831
EN imm_decode NULL /home/ise/shared_dir/CPU/Imm_decode.vhd sub00/vhpl12 1767729832
EN registr32x4 NULL /home/ise/shared_dir/CPU/registr32x4.vhd sub00/vhpl10 1767729830
AR pc rtl /home/ise/shared_dir/CPU/PC.vhd sub00/vhpl07 1767729827
EN pc NULL /home/ise/shared_dir/CPU/PC.vhd sub00/vhpl06 1767729826
AR control_unit rtl /home/ise/shared_dir/CPU/Control_unit.vhd sub00/vhpl09 1767729829
EN instrmem NULL /home/ise/shared_dir/CPU/old/InstrMem.vhd sub00/vhpl18 1767729838
EN gpio NULL /home/ise/shared_dir/CPU/periferie/GPIO.vhd sub00/vhpl04 1767729824
AR ram2048x32 rtl /home/ise/shared_dir/CPU/RAM2048x36.vhd sub00/vhpl17 1767729837
AR imm_decode rtl /home/ise/shared_dir/CPU/Imm_decode.vhd sub00/vhpl13 1767729833
EN synchronizer NULL /home/ise/shared_dir/CPU/synchronizer.vhd sub00/vhpl00 1767729820
EN control_unit NULL /home/ise/shared_dir/CPU/Control_unit.vhd sub00/vhpl08 1767729828
AR alu rtl /home/ise/shared_dir/CPU/ALU.vhd sub00/vhpl15 1767729835
AR gpio rtl /home/ise/shared_dir/CPU/periferie/GPIO.vhd sub00/vhpl05 1767729825
EN alu NULL /home/ise/shared_dir/CPU/ALU.vhd sub00/vhpl14 1767729834
AR io_we_controler rtl /home/ise/shared_dir/CPU/periferie/IO_WE_Controler.vhd sub00/vhpl03 1767729823
